// Vitest Snapshot v1, https://vitest.dev/guide/snapshot.html

exports[`Todo suite > Adds Todo 1`] = `"<h1>Todo List</h1><p>4 Todos</p><fieldset><legend>Filter:</legend><div><input type="radio" id="all" value="all"><label for="all">Show All</label></div><div><input type="radio" id="completed" value="completed"><label for="completed">Show Completed</label></div><div><input type="radio" id="todo" value="todo"><label for="todo">Show Todo</label></div></fieldset><!--start map--><div style=""><span></span><span>1 - Learn Rezact</span><input type="checkbox"><button>X</button></div><div style=""><span></span><span>2 - Build something awesome</span><input type="checkbox"><button>X</button></div><div style=""><span></span><span>3 - New Todo</span><input type="checkbox"><button>X</button></div><!--end map--><form><input placeholder="Add Todo"><button>Add</button></form><button>Remove Completed</button><button>Check All</button><!--signal-->"`;

exports[`Todo suite > Adds Todo 2`] = `"<h1>Todo List</h1><p>5 Todos</p><fieldset><legend>Filter:</legend><div><input type="radio" id="all" value="all"><label for="all">Show All</label></div><div><input type="radio" id="completed" value="completed"><label for="completed">Show Completed</label></div><div><input type="radio" id="todo" value="todo"><label for="todo">Show Todo</label></div></fieldset><!--start map--><div style=""><span></span><span>1 - Learn Rezact</span><input type="checkbox"><button>X</button></div><div style=""><span></span><span>2 - Build something awesome</span><input type="checkbox"><button>X</button></div><div style=""><span></span><span>3 - New Todo</span><input type="checkbox"><button>X</button></div><div style=""><span></span><span>4 - Another Todo</span><input type="checkbox"><button>X</button></div><!--end map--><form><input placeholder="Add Todo"><button>Add</button></form><button>Remove Completed</button><button>Check All</button><!--signal-->"`;

exports[`Todo suite > Adds Todo 3`] = `"<h1>Todo List</h1><p>6 Todos</p><fieldset><legend>Filter:</legend><div><input type="radio" id="all" value="all"><label for="all">Show All</label></div><div><input type="radio" id="completed" value="completed"><label for="completed">Show Completed</label></div><div><input type="radio" id="todo" value="todo"><label for="todo">Show Todo</label></div></fieldset><!--start map--><div style=""><span></span><span>1 - Learn Rezact</span><input type="checkbox"><button>X</button></div><div style=""><span></span><span>2 - Build something awesome</span><input type="checkbox"><button>X</button></div><div style=""><span></span><span>3 - New Todo</span><input type="checkbox"><button>X</button></div><div style=""><span></span><span>4 - Another Todo</span><input type="checkbox"><button>X</button></div><div style=""><span></span><span>5 - Doing it again</span><input type="checkbox"><button>X</button></div><!--end map--><form><input placeholder="Add Todo"><button>Add</button></form><button>Remove Completed</button><button>Check All</button><!--signal-->"`;

exports[`Todo suite > Checks All Todos 1`] = `"<h1>Todo List</h1><p>2 Todos</p><fieldset><legend>Filter:</legend><div><input type="radio" id="all" value="all"><label for="all">Show All</label></div><div><input type="radio" id="completed" value="completed"><label for="completed">Show Completed</label></div><div><input type="radio" id="todo" value="todo"><label for="todo">Show Todo</label></div></fieldset><!--start map--><div style="text-decoration: line-through;"><span></span><span>1 - Learn Rezact</span><input type="checkbox"><button>X</button></div><div style="text-decoration: line-through;"><span></span><span>2 - Learn TypeScript</span><input type="checkbox"><button>X</button></div><!--end map--><form><input placeholder="Add Todo"><button>Add</button></form><button>Remove Completed</button><button>Check All</button><!--signal-->"`;

exports[`Todo suite > Clears Completed Todos 1`] = `"<h1>Todo List</h1><p>2 Todos</p><fieldset><legend>Filter:</legend><div><input type="radio" id="all" value="all"><label for="all">Show All</label></div><div><input type="radio" id="completed" value="completed"><label for="completed">Show Completed</label></div><div><input type="radio" id="todo" value="todo"><label for="todo">Show Todo</label></div></fieldset><!--start map--><div style=""><span></span><span>1 - Learn Rezact</span><input type="checkbox"><button>X</button></div><div style=""><span></span><span>2 - Learn TypeScript</span><input type="checkbox"><button>X</button></div><!--end map--><form><input placeholder="Add Todo"><button>Add</button></form><button>Remove Completed</button><button>Check All</button><!--signal-->"`;

exports[`Todo suite > Completed Todos has more items 1`] = `"<h1>Todo List</h1><p>4 Todos</p><fieldset><legend>Filter:</legend><div><input type="radio" id="all" value="all"><label for="all">Show All</label></div><div><input type="radio" id="completed" value="completed"><label for="completed">Show Completed</label></div><div><input type="radio" id="todo" value="todo"><label for="todo">Show Todo</label></div></fieldset><!--start map--><div style="text-decoration: line-through;"><span></span><span>1 - Learn Rezact</span><input type="checkbox"><button>X</button></div><div style="text-decoration: line-through;"><span></span><span>2 - Learn TypeScript</span><input type="checkbox"><button>X</button></div><div style="text-decoration: line-through;"><span></span><span>3 - Another Todo</span><input type="checkbox"><button>X</button></div><div style="text-decoration: line-through;"><span></span><span>4 - Doing it again</span><input type="checkbox"><button>X</button></div><!--end map--><form><input placeholder="Add Todo"><button>Add</button></form><button>Remove Completed</button><button>Check All</button><!--signal-->"`;

exports[`Todo suite > Completes Todo 1`] = `"<h1>Todo List</h1><p>6 Todos</p><fieldset><legend>Filter:</legend><div><input type="radio" id="all" value="all"><label for="all">Show All</label></div><div><input type="radio" id="completed" value="completed"><label for="completed">Show Completed</label></div><div><input type="radio" id="todo" value="todo"><label for="todo">Show Todo</label></div></fieldset><!--start map--><div style=""><span></span><span>1 - Build something awesome</span><input type="checkbox"><button>X</button></div><div style=""><span></span><span>2 - New Todo</span><input type="checkbox"><button>X</button></div><div style=""><span></span><span>3 - Another Todo</span><input type="checkbox"><button>X</button></div><div style=""><span></span><span>4 - Doing it again</span><input type="checkbox"><button>X</button></div><!--end map--><form><input placeholder="Add Todo"><button>Add</button></form><button>Remove Completed</button><button>Check All</button><!--signal-->"`;

exports[`Todo suite > Completes Todo 2`] = `"<h1>Todo List</h1><p>6 Todos</p><fieldset><legend>Filter:</legend><div><input type="radio" id="all" value="all"><label for="all">Show All</label></div><div><input type="radio" id="completed" value="completed"><label for="completed">Show Completed</label></div><div><input type="radio" id="todo" value="todo"><label for="todo">Show Todo</label></div></fieldset><!--start map--><div style=""><span></span><span>1 - Build something awesome</span><input type="checkbox"><button>X</button></div><div style=""><span></span><span>2 - New Todo</span><input type="checkbox"><button>X</button></div><div style=""><span></span><span>3 - Doing it again</span><input type="checkbox"><button>X</button></div><!--end map--><form><input placeholder="Add Todo"><button>Add</button></form><button>Remove Completed</button><button>Check All</button><!--signal-->"`;

exports[`Todo suite > Completes Todo 3`] = `"<h1>Todo List</h1><p>6 Todos</p><fieldset><legend>Filter:</legend><div><input type="radio" id="all" value="all"><label for="all">Show All</label></div><div><input type="radio" id="completed" value="completed"><label for="completed">Show Completed</label></div><div><input type="radio" id="todo" value="todo"><label for="todo">Show Todo</label></div></fieldset><!--start map--><div style=""><span></span><span>1 - Build something awesome</span><input type="checkbox"><button>X</button></div><div style=""><span></span><span>2 - New Todo</span><input type="checkbox"><button>X</button></div><!--end map--><form><input placeholder="Add Todo"><button>Add</button></form><button>Remove Completed</button><button>Check All</button><!--signal-->"`;

exports[`Todo suite > Deletes Todo 1`] = `"<h1>Todo List</h1><p>5 Todos</p><fieldset><legend>Filter:</legend><div><input type="radio" id="all" value="all"><label for="all">Show All</label></div><div><input type="radio" id="completed" value="completed"><label for="completed">Show Completed</label></div><div><input type="radio" id="todo" value="todo"><label for="todo">Show Todo</label></div></fieldset><!--start map--><div style=""><span></span><span>1 - New Todo</span><input type="checkbox"><button>X</button></div><!--end map--><form><input placeholder="Add Todo"><button>Add</button></form><button>Remove Completed</button><button>Check All</button><!--signal-->"`;

exports[`Todo suite > Deletes Todo 2`] = `"<h1>Todo List</h1><p>4 Todos</p><fieldset><legend>Filter:</legend><div><input type="radio" id="all" value="all"><label for="all">Show All</label></div><div><input type="radio" id="completed" value="completed"><label for="completed">Show Completed</label></div><div><input type="radio" id="todo" value="todo"><label for="todo">Show Todo</label></div></fieldset><!--start map--><!--end map--><form><input placeholder="Add Todo"><button>Add</button></form><button>Remove Completed</button><button>Check All</button><!--signal-->"`;

exports[`Todo suite > Deletes Todo Items 1`] = `"<h1>Todo List</h1><p>1 Todos</p><fieldset><legend>Filter:</legend><div><input type="radio" id="all" value="all"><label for="all">Show All</label></div><div><input type="radio" id="completed" value="completed"><label for="completed">Show Completed</label></div><div><input type="radio" id="todo" value="todo"><label for="todo">Show Todo</label></div></fieldset><!--start map--><div style="text-decoration: line-through;"><span></span><span>1 - Learn TypeScript</span><input type="checkbox"><button>X</button></div><!--end map--><form><input placeholder="Add Todo"><button>Add</button></form><button>Remove Completed</button><button>Check All</button><!--signal-->"`;

exports[`Todo suite > Deletes Todo Items 2`] = `"<h1>Todo List</h1><p>0 Todos</p><fieldset><legend>Filter:</legend><div><input type="radio" id="all" value="all"><label for="all">Show All</label></div><div><input type="radio" id="completed" value="completed"><label for="completed">Show Completed</label></div><div><input type="radio" id="todo" value="todo"><label for="todo">Show Todo</label></div></fieldset><!--start map--><!--end map--><form><input placeholder="Add Todo"><button>Add</button></form><button>Remove Completed</button><button>Check All</button><!--signal-->"`;

exports[`Todo suite > Edits Todo 1`] = `"<h1>Todo List</h1><p>6 Todos</p><fieldset><legend>Filter:</legend><div><input type="radio" id="all" value="all"><label for="all">Show All</label></div><div><input type="radio" id="completed" value="completed"><label for="completed">Show Completed</label></div><div><input type="radio" id="todo" value="todo"><label for="todo">Show Todo</label></div></fieldset><!--start map--><div style=""><span></span><span>1 - Edited</span><input type="checkbox"><button>X</button></div><div style=""><span></span><span>2 - New Todo</span><input type="checkbox"><button>X</button></div><!--end map--><form><input placeholder="Add Todo"><button>Add</button></form><button>Remove Completed</button><button>Check All</button><!--signal-->"`;

exports[`Todo suite > Filters Todo List 1`] = `"<h1>Todo List</h1><p>3 Todos</p><fieldset><legend>Filter:</legend><div><input type="radio" id="all" value="all"><label for="all">Show All</label></div><div><input type="radio" id="completed" value="completed"><label for="completed">Show Completed</label></div><div><input type="radio" id="todo" value="todo"><label for="todo">Show Todo</label></div></fieldset><!--start map--><div style="text-decoration: line-through;"><span></span><span>1 - Learn TypeScript</span><input type="checkbox"><button>X</button></div><!--end map--><form><input placeholder="Add Todo"><button>Add</button></form><button>Remove Completed</button><button>Check All</button><!--signal-->"`;

exports[`Todo suite > Filters Todo List 2`] = `"<h1>Todo List</h1><p>3 Todos</p><fieldset><legend>Filter:</legend><div><input type="radio" id="all" value="all"><label for="all">Show All</label></div><div><input type="radio" id="completed" value="completed"><label for="completed">Show Completed</label></div><div><input type="radio" id="todo" value="todo"><label for="todo">Show Todo</label></div></fieldset><!--start map--><div style=""><span></span><span>1 - Learn Rezact</span><input type="checkbox"><button>X</button></div><div style="text-decoration: line-through;"><span></span><span>2 - Learn TypeScript</span><input type="checkbox"><button>X</button></div><div style=""><span></span><span>3 - Build something awesome</span><input type="checkbox"><button>X</button></div><!--end map--><form><input placeholder="Add Todo"><button>Add</button></form><button>Remove Completed</button><button>Check All</button><!--signal-->"`;

exports[`Todo suite > Filters Todo List 3`] = `"<h1>Todo List</h1><p>3 Todos</p><fieldset><legend>Filter:</legend><div><input type="radio" id="all" value="all"><label for="all">Show All</label></div><div><input type="radio" id="completed" value="completed"><label for="completed">Show Completed</label></div><div><input type="radio" id="todo" value="todo"><label for="todo">Show Todo</label></div></fieldset><!--start map--><div style=""><span></span><span>1 - Learn Rezact</span><input type="checkbox"><button>X</button></div><div style=""><span></span><span>2 - Build something awesome</span><input type="checkbox"><button>X</button></div><!--end map--><form><input placeholder="Add Todo"><button>Add</button></form><button>Remove Completed</button><button>Check All</button><!--signal-->"`;

exports[`Todo suite > Renders Todo List 1`] = `"<h1>Todo List</h1><p>3 Todos</p><fieldset><legend>Filter:</legend><div><input type="radio" id="all" value="all"><label for="all">Show All</label></div><div><input type="radio" id="completed" value="completed"><label for="completed">Show Completed</label></div><div><input type="radio" id="todo" value="todo"><label for="todo">Show Todo</label></div></fieldset><!--start map--><div style=""><span></span><span>1 - Learn Rezact</span><input type="checkbox"><button>X</button></div><div style="text-decoration: line-through;"><span></span><span>2 - Learn TypeScript</span><input type="checkbox"><button>X</button></div><div style=""><span></span><span>3 - Build something awesome</span><input type="checkbox"><button>X</button></div><!--end map--><form><input placeholder="Add Todo"><button>Add</button></form><button>Remove Completed</button><button>Check All</button><!--signal-->"`;

exports[`Todo suite > Show All has more items 1`] = `"<h1>Todo List</h1><p>4 Todos</p><fieldset><legend>Filter:</legend><div><input type="radio" id="all" value="all"><label for="all">Show All</label></div><div><input type="radio" id="completed" value="completed"><label for="completed">Show Completed</label></div><div><input type="radio" id="todo" value="todo"><label for="todo">Show Todo</label></div></fieldset><!--start map--><div style=""><span></span><span>1 - Learn Rezact</span><input type="checkbox"><button>X</button></div><div style=""><span></span><span>2 - Learn TypeScript</span><input type="checkbox"><button>X</button></div><div style="text-decoration: line-through;"><span></span><span>3 - Another Todo</span><input type="checkbox"><button>X</button></div><div style="text-decoration: line-through;"><span></span><span>4 - Doing it again</span><input type="checkbox"><button>X</button></div><!--end map--><form><input placeholder="Add Todo"><button>Add</button></form><button>Remove Completed</button><button>Check All</button><!--signal-->"`;

exports[`Todo suite > Unchecks Completed Todo 1`] = `"<h1>Todo List</h1><p>4 Todos</p><fieldset><legend>Filter:</legend><div><input type="radio" id="all" value="all"><label for="all">Show All</label></div><div><input type="radio" id="completed" value="completed"><label for="completed">Show Completed</label></div><div><input type="radio" id="todo" value="todo"><label for="todo">Show Todo</label></div></fieldset><!--start map--><div style="text-decoration: line-through;"><span></span><span>1 - Learn TypeScript</span><input type="checkbox"><button>X</button></div><div style="text-decoration: line-through;"><span></span><span>2 - Another Todo</span><input type="checkbox"><button>X</button></div><div style="text-decoration: line-through;"><span></span><span>3 - Doing it again</span><input type="checkbox"><button>X</button></div><!--end map--><form><input placeholder="Add Todo"><button>Add</button></form><button>Remove Completed</button><button>Check All</button><!--signal-->"`;

exports[`Todo suite > Unchecks Completed Todo 2`] = `"<h1>Todo List</h1><p>4 Todos</p><fieldset><legend>Filter:</legend><div><input type="radio" id="all" value="all"><label for="all">Show All</label></div><div><input type="radio" id="completed" value="completed"><label for="completed">Show Completed</label></div><div><input type="radio" id="todo" value="todo"><label for="todo">Show Todo</label></div></fieldset><!--start map--><div style="text-decoration: line-through;"><span></span><span>1 - Another Todo</span><input type="checkbox"><button>X</button></div><div style="text-decoration: line-through;"><span></span><span>2 - Doing it again</span><input type="checkbox"><button>X</button></div><!--end map--><form><input placeholder="Add Todo"><button>Add</button></form><button>Remove Completed</button><button>Check All</button><!--signal-->"`;
