// Vitest Snapshot v1, https://vitest.dev/guide/snapshot.html

exports[`Router Tests Suite > CONFIG BASED - Nested Route Level 1 1`] = `"<h1>1. Users START</h1><p>ID: No User Selected</p><h1>Data Fetching</h1><p>Loading</p><span></span><!--start map--><!--end map--><!--signal--><!--start map--><span></span><!--end map--><h1>Data Fetching</h1><p>Loading</p><span></span><!--start map--><!--end map--><!--signal--><p>1. Users END</p>"`;

exports[`Router Tests Suite > CONFIG BASED - Nested Route Level 1 2`] = `"<h1>1. Users START</h1><p>ID: No User Selected</p><h1>Data Fetching</h1><p>Loading</p><span></span><!--start map--><!--end map--><!--signal--><!--start map--><span></span><!--end map--><h1>Data Fetching</h1><p>Loading</p><span></span><!--start map--><!--end map--><!--signal--><p>1. Users END</p>"`;

exports[`Router Tests Suite > CONFIG BASED - Nested Route Level 1 Again 1`] = `"<h1>1. Users START</h1><p>ID: No User Selected</p><h1>Data Fetching</h1><p>Loading</p><span></span><!--start map--><!--end map--><!--signal--><!--start map--><span></span><!--end map--><h1>Data Fetching</h1><p>Loading</p><span></span><!--start map--><!--end map--><!--signal--><p>1. Users END</p>"`;

exports[`Router Tests Suite > CONFIG BASED - Nested Route Level 1 Again 2`] = `"<h1>1. Users START</h1><p>ID: No User Selected</p><h1>Data Fetching</h1><p>Loading</p><span></span><!--start map--><!--end map--><!--signal--><!--start map--><span></span><!--end map--><h1>Data Fetching</h1><p>Loading</p><span></span><!--start map--><!--end map--><!--signal--><p>1. Users END</p>"`;

exports[`Router Tests Suite > CONFIG BASED - Nested Route Level 2 1`] = `"<h1>1. Users START</h1><p>ID: config123</p><h1>Data Fetching</h1><p>Loading</p><span></span><!--start map--><!--end map--><!--signal--><!--start map--><h1>2. Users ID START</h1><p>ID: config123</p><h1>Simple String List</h1><!--start map--><div dataval="Jack"><input></div><div dataval="Jill"><input></div><div dataval="John"><input></div><div dataval="Jane"><input></div><!--end map--><!--start map--><div>Jack</div><div>Jill</div><div>John</div><div>Jane</div><!--end map--><!--signal--><!--start map--><span></span><!--end map--><h1>Simple String List</h1><!--start map--><div dataval="Jack"><input></div><div dataval="Jill"><input></div><div dataval="John"><input></div><div dataval="Jane"><input></div><!--end map--><!--start map--><div>Jack</div><div>Jill</div><div>John</div><div>Jane</div><!--end map--><!--signal--><p>2. Users ID END</p><!--end map--><h1>Data Fetching</h1><p>Loading</p><span></span><!--start map--><!--end map--><!--signal--><p>1. Users END</p>"`;

exports[`Router Tests Suite > CONFIG BASED - Nested Route Level 2 2`] = `"<h1>1. Users START</h1><p>ID: 953test</p><h1>Data Fetching</h1><p>Loading</p><span></span><!--start map--><!--end map--><!--signal--><!--start map--><h1>2. Users ID START</h1><p>ID: 953test</p><h1>Simple String List</h1><!--start map--><div dataval="Jack"><input></div><div dataval="Jill"><input></div><div dataval="John"><input></div><div dataval="Jane"><input></div><!--end map--><!--start map--><div>Jack</div><div>Jill</div><div>John</div><div>Jane</div><!--end map--><!--signal--><!--start map--><span></span><!--end map--><h1>Simple String List</h1><!--start map--><div dataval="Jack"><input></div><div dataval="Jill"><input></div><div dataval="John"><input></div><div dataval="Jane"><input></div><!--end map--><!--start map--><div>Jack</div><div>Jill</div><div>John</div><div>Jane</div><!--end map--><!--signal--><p>2. Users ID END</p><!--end map--><h1>Data Fetching</h1><p>Loading</p><span></span><!--start map--><!--end map--><!--signal--><p>1. Users END</p>"`;

exports[`Router Tests Suite > CONFIG BASED - Nested Route Level 3 1`] = `"<h1>1. Users START</h1><p>ID: config1234</p><h1>Data Fetching</h1><p>Loading</p><span></span><!--start map--><!--end map--><!--signal--><!--start map--><h1>2. Users ID START</h1><p>ID: config1234</p><h1>Simple String List</h1><!--start map--><div dataval="Jack"><input></div><div dataval="Jill"><input></div><div dataval="John"><input></div><div dataval="Jane"><input></div><!--end map--><!--start map--><div>Jack</div><div>Jill</div><div>John</div><div>Jane</div><!--end map--><!--signal--><!--start map--><div><h1>3. Users ID Settings START</h1><p>ID: config1234</p><h1>Data Fetching</h1><p>Loading</p><span></span><!--start map--><!--end map--><!--signal--><!--start map--><span></span><!--end map--><h1>Data Fetching</h1><p>Loading</p><span></span><!--start map--><!--end map--><!--signal--><p>3. Users ID Settings END</p></div><!--end map--><h1>Simple String List</h1><!--start map--><div dataval="Jack"><input></div><div dataval="Jill"><input></div><div dataval="John"><input></div><div dataval="Jane"><input></div><!--end map--><!--start map--><div>Jack</div><div>Jill</div><div>John</div><div>Jane</div><!--end map--><!--signal--><p>2. Users ID END</p><!--end map--><h1>Data Fetching</h1><p>Loading</p><span></span><!--start map--><!--end map--><!--signal--><p>1. Users END</p>"`;

exports[`Router Tests Suite > CONFIG BASED - Nested Route Level 3 2`] = `"<h1>1. Users START</h1><p>ID: 953test</p><h1>Data Fetching</h1><p>Loading</p><span></span><!--start map--><!--end map--><!--signal--><!--start map--><h1>2. Users ID START</h1><p>ID: 953test</p><h1>Simple String List</h1><!--start map--><div dataval="Jack"><input></div><div dataval="Jill"><input></div><div dataval="John"><input></div><div dataval="Jane"><input></div><!--end map--><!--start map--><div>Jack</div><div>Jill</div><div>John</div><div>Jane</div><!--end map--><!--signal--><!--start map--><div><h1>3. Users ID Settings START</h1><p>ID: 953test</p><h1>Data Fetching</h1><p>Loading</p><span></span><!--start map--><!--end map--><!--signal--><!--start map--><span></span><!--end map--><h1>Data Fetching</h1><p>Loading</p><span></span><!--start map--><!--end map--><!--signal--><p>3. Users ID Settings END</p></div><!--end map--><h1>Simple String List</h1><!--start map--><div dataval="Jack"><input></div><div dataval="Jill"><input></div><div dataval="John"><input></div><div dataval="Jane"><input></div><!--end map--><!--start map--><div>Jack</div><div>Jill</div><div>John</div><div>Jane</div><!--end map--><!--signal--><p>2. Users ID END</p><!--end map--><h1>Data Fetching</h1><p>Loading</p><span></span><!--start map--><!--end map--><!--signal--><p>1. Users END</p>"`;

exports[`Router Tests Suite > CONFIG BASED - Nested Route Level 4 1`] = `"<h1>1. Users START</h1><p>ID: 123</p><h1>Data Fetching</h1><p>Loading</p><span></span><!--start map--><!--end map--><!--signal--><!--start map--><h1>2. Users ID START</h1><p>ID: 123</p><h1>Simple String List</h1><!--start map--><div dataval="Jack"><input></div><div dataval="Jill"><input></div><div dataval="John"><input></div><div dataval="Jane"><input></div><!--end map--><!--start map--><div>Jack</div><div>Jill</div><div>John</div><div>Jane</div><!--end map--><!--signal--><!--start map--><div><h1>3. Users ID Settings START</h1><p>ID: 123</p><h1>Data Fetching</h1><p>Loading</p><span></span><!--start map--><!--end map--><!--signal--><!--start map--><h1>4. Users ID Settings Wild Card</h1><h1>Simple String List</h1><!--start map--><div dataval="Jack"><input></div><div dataval="Jill"><input></div><div dataval="John"><input></div><div dataval="Jane"><input></div><!--end map--><!--start map--><div>Jack</div><div>Jill</div><div>John</div><div>Jane</div><!--end map--><!--signal--><p>ID: 123</p><p>all/wild/card/stuff</p><button>Test</button><h1>Simple String List</h1><!--start map--><div dataval="Jack"><input></div><div dataval="Jill"><input></div><div dataval="John"><input></div><div dataval="Jane"><input></div><!--end map--><!--start map--><div>Jack</div><div>Jill</div><div>John</div><div>Jane</div><!--end map--><!--signal--><!--end map--><h1>Data Fetching</h1><p>Loading</p><span></span><!--start map--><!--end map--><!--signal--><p>3. Users ID Settings END</p></div><!--end map--><h1>Simple String List</h1><!--start map--><div dataval="Jack"><input></div><div dataval="Jill"><input></div><div dataval="John"><input></div><div dataval="Jane"><input></div><!--end map--><!--start map--><div>Jack</div><div>Jill</div><div>John</div><div>Jane</div><!--end map--><!--signal--><p>2. Users ID END</p><!--end map--><h1>Data Fetching</h1><p>Loading</p><span></span><!--start map--><!--end map--><!--signal--><p>1. Users END</p>"`;

exports[`Router Tests Suite > CONFIG BASED - Nested Route Level 4 2`] = `"<h1>1. Users START</h1><p>ID: 953test</p><h1>Data Fetching</h1><p>Loading</p><span></span><!--start map--><!--end map--><!--signal--><!--start map--><h1>2. Users ID START</h1><p>ID: 953test</p><h1>Simple String List</h1><!--start map--><div dataval="Jack"><input></div><div dataval="Jill"><input></div><div dataval="John"><input></div><div dataval="Jane"><input></div><!--end map--><!--start map--><div>Jack</div><div>Jill</div><div>John</div><div>Jane</div><!--end map--><!--signal--><!--start map--><div><h1>3. Users ID Settings START</h1><p>ID: 953test</p><h1>Data Fetching</h1><p>Loading</p><span></span><!--start map--><!--end map--><!--signal--><!--start map--><h1>4. Users ID Settings Wild Card</h1><h1>Simple String List</h1><!--start map--><div dataval="Jack"><input></div><div dataval="Jill"><input></div><div dataval="John"><input></div><div dataval="Jane"><input></div><!--end map--><!--start map--><div>Jack</div><div>Jill</div><div>John</div><div>Jane</div><!--end map--><!--signal--><p>ID: 953test</p><p>all/wild/card/stuff</p><button>Test</button><h1>Simple String List</h1><!--start map--><div dataval="Jack"><input></div><div dataval="Jill"><input></div><div dataval="John"><input></div><div dataval="Jane"><input></div><!--end map--><!--start map--><div>Jack</div><div>Jill</div><div>John</div><div>Jane</div><!--end map--><!--signal--><!--end map--><h1>Data Fetching</h1><p>Loading</p><span></span><!--start map--><!--end map--><!--signal--><p>3. Users ID Settings END</p></div><!--end map--><h1>Simple String List</h1><!--start map--><div dataval="Jack"><input></div><div dataval="Jill"><input></div><div dataval="John"><input></div><div dataval="Jane"><input></div><!--end map--><!--start map--><div>Jack</div><div>Jill</div><div>John</div><div>Jane</div><!--end map--><!--signal--><p>2. Users ID END</p><!--end map--><h1>Data Fetching</h1><p>Loading</p><span></span><!--start map--><!--end map--><!--signal--><p>1. Users END</p>"`;

exports[`Router Tests Suite > DIRECT COMPONENT - Nested Route Level 1 1`] = `"<h1>1. Users START</h1><p>ID: No User Selected</p><h1>Data Fetching</h1><p>Loading</p><span></span><!--start map--><!--end map--><!--signal--><!--start map--><span></span><!--end map--><h1>Data Fetching</h1><p>Loading</p><span></span><!--start map--><!--end map--><!--signal--><p>1. Users END</p>"`;

exports[`Router Tests Suite > DIRECT COMPONENT - Nested Route Level 1 2`] = `"<h1>1. Users START</h1><p>ID: No User Selected</p><h1>Data Fetching</h1><p>Loading</p><span></span><!--start map--><!--end map--><!--signal--><!--start map--><span></span><!--end map--><h1>Data Fetching</h1><p>Loading</p><span></span><!--start map--><!--end map--><!--signal--><p>1. Users END</p>"`;

exports[`Router Tests Suite > DIRECT COMPONENT - Nested Route Level 1 Again 1`] = `"<h1>1. Users START</h1><p>ID: No User Selected</p><h1>Data Fetching</h1><p>Loading</p><span></span><!--start map--><!--end map--><!--signal--><!--start map--><span></span><!--end map--><h1>Data Fetching</h1><p>Loading</p><span></span><!--start map--><!--end map--><!--signal--><p>1. Users END</p>"`;

exports[`Router Tests Suite > DIRECT COMPONENT - Nested Route Level 1 Again 2`] = `"<h1>1. Users START</h1><p>ID: No User Selected</p><h1>Data Fetching</h1><p>Loading</p><span></span><!--start map--><!--end map--><!--signal--><!--start map--><span></span><!--end map--><h1>Data Fetching</h1><p>Loading</p><span></span><!--start map--><!--end map--><!--signal--><p>1. Users END</p>"`;

exports[`Router Tests Suite > DIRECT COMPONENT - Nested Route Level 2 1`] = `"<h1>1. Users START</h1><p>ID: direct123</p><h1>Data Fetching</h1><p>Loading</p><span></span><!--start map--><!--end map--><!--signal--><!--start map--><h1>2. Users ID START</h1><p>ID: direct123</p><h1>Simple String List</h1><!--start map--><div dataval="Jack"><input></div><div dataval="Jill"><input></div><div dataval="John"><input></div><div dataval="Jane"><input></div><!--end map--><!--start map--><div>Jack</div><div>Jill</div><div>John</div><div>Jane</div><!--end map--><!--signal--><!--start map--><span></span><!--end map--><h1>Simple String List</h1><!--start map--><div dataval="Jack"><input></div><div dataval="Jill"><input></div><div dataval="John"><input></div><div dataval="Jane"><input></div><!--end map--><!--start map--><div>Jack</div><div>Jill</div><div>John</div><div>Jane</div><!--end map--><!--signal--><p>2. Users ID END</p><!--end map--><h1>Data Fetching</h1><p>Loading</p><span></span><!--start map--><!--end map--><!--signal--><p>1. Users END</p>"`;

exports[`Router Tests Suite > DIRECT COMPONENT - Nested Route Level 2 2`] = `"<h1>1. Users START</h1><p>ID: direct333test</p><h1>Data Fetching</h1><p>Loading</p><span></span><!--start map--><!--end map--><!--signal--><!--start map--><h1>2. Users ID START</h1><p>ID: direct333test</p><h1>Simple String List</h1><!--start map--><div dataval="Jack"><input></div><div dataval="Jill"><input></div><div dataval="John"><input></div><div dataval="Jane"><input></div><!--end map--><!--start map--><div>Jack</div><div>Jill</div><div>John</div><div>Jane</div><!--end map--><!--signal--><!--start map--><span></span><!--end map--><h1>Simple String List</h1><!--start map--><div dataval="Jack"><input></div><div dataval="Jill"><input></div><div dataval="John"><input></div><div dataval="Jane"><input></div><!--end map--><!--start map--><div>Jack</div><div>Jill</div><div>John</div><div>Jane</div><!--end map--><!--signal--><p>2. Users ID END</p><!--end map--><h1>Data Fetching</h1><p>Loading</p><span></span><!--start map--><!--end map--><!--signal--><p>1. Users END</p>"`;

exports[`Router Tests Suite > DIRECT COMPONENT - Nested Route Level 3 1`] = `"<h1>1. Users START</h1><p>ID: direct1234</p><h1>Data Fetching</h1><p>Loading</p><span></span><!--start map--><!--end map--><!--signal--><!--start map--><h1>2. Users ID START</h1><p>ID: direct1234</p><h1>Simple String List</h1><!--start map--><div dataval="Jack"><input></div><div dataval="Jill"><input></div><div dataval="John"><input></div><div dataval="Jane"><input></div><!--end map--><!--start map--><div>Jack</div><div>Jill</div><div>John</div><div>Jane</div><!--end map--><!--signal--><!--start map--><div><h1>3. Users ID Settings START</h1><p>ID: direct1234</p><h1>Data Fetching</h1><p>Loading</p><span></span><!--start map--><!--end map--><!--signal--><!--start map--><span></span><!--end map--><h1>Data Fetching</h1><p>Loading</p><span></span><!--start map--><!--end map--><!--signal--><p>3. Users ID Settings END</p></div><!--end map--><h1>Simple String List</h1><!--start map--><div dataval="Jack"><input></div><div dataval="Jill"><input></div><div dataval="John"><input></div><div dataval="Jane"><input></div><!--end map--><!--start map--><div>Jack</div><div>Jill</div><div>John</div><div>Jane</div><!--end map--><!--signal--><p>2. Users ID END</p><!--end map--><h1>Data Fetching</h1><p>Loading</p><span></span><!--start map--><!--end map--><!--signal--><p>1. Users END</p>"`;

exports[`Router Tests Suite > DIRECT COMPONENT - Nested Route Level 3 2`] = `"<h1>1. Users START</h1><p>ID: direct953test</p><h1>Data Fetching</h1><p>Loading</p><span></span><!--start map--><!--end map--><!--signal--><!--start map--><h1>2. Users ID START</h1><p>ID: direct953test</p><h1>Simple String List</h1><!--start map--><div dataval="Jack"><input></div><div dataval="Jill"><input></div><div dataval="John"><input></div><div dataval="Jane"><input></div><!--end map--><!--start map--><div>Jack</div><div>Jill</div><div>John</div><div>Jane</div><!--end map--><!--signal--><!--start map--><div><h1>3. Users ID Settings START</h1><p>ID: direct953test</p><h1>Data Fetching</h1><p>Loading</p><span></span><!--start map--><!--end map--><!--signal--><!--start map--><span></span><!--end map--><h1>Data Fetching</h1><p>Loading</p><span></span><!--start map--><!--end map--><!--signal--><p>3. Users ID Settings END</p></div><!--end map--><h1>Simple String List</h1><!--start map--><div dataval="Jack"><input></div><div dataval="Jill"><input></div><div dataval="John"><input></div><div dataval="Jane"><input></div><!--end map--><!--start map--><div>Jack</div><div>Jill</div><div>John</div><div>Jane</div><!--end map--><!--signal--><p>2. Users ID END</p><!--end map--><h1>Data Fetching</h1><p>Loading</p><span></span><!--start map--><!--end map--><!--signal--><p>1. Users END</p>"`;

exports[`Router Tests Suite > DIRECT COMPONENT - Nested Route Level 4 1`] = `"<h1>1. Users START</h1><p>ID: direct1235</p><h1>Data Fetching</h1><p>Loading</p><span></span><!--start map--><!--end map--><!--signal--><!--start map--><h1>2. Users ID START</h1><p>ID: direct1235</p><h1>Simple String List</h1><!--start map--><div dataval="Jack"><input></div><div dataval="Jill"><input></div><div dataval="John"><input></div><div dataval="Jane"><input></div><!--end map--><!--start map--><div>Jack</div><div>Jill</div><div>John</div><div>Jane</div><!--end map--><!--signal--><!--start map--><div><h1>3. Users ID Settings START</h1><p>ID: direct1235</p><h1>Data Fetching</h1><p>Loading</p><span></span><!--start map--><!--end map--><!--signal--><!--start map--><h1>4. Users ID Settings Wild Card</h1><h1>Simple String List</h1><!--start map--><div dataval="Jack"><input></div><div dataval="Jill"><input></div><div dataval="John"><input></div><div dataval="Jane"><input></div><!--end map--><!--start map--><div>Jack</div><div>Jill</div><div>John</div><div>Jane</div><!--end map--><!--signal--><p>ID: direct1235</p><p>all/wild/card/stuff</p><button>Test</button><h1>Simple String List</h1><!--start map--><div dataval="Jack"><input></div><div dataval="Jill"><input></div><div dataval="John"><input></div><div dataval="Jane"><input></div><!--end map--><!--start map--><div>Jack</div><div>Jill</div><div>John</div><div>Jane</div><!--end map--><!--signal--><!--end map--><h1>Data Fetching</h1><p>Loading</p><span></span><!--start map--><!--end map--><!--signal--><p>3. Users ID Settings END</p></div><!--end map--><h1>Simple String List</h1><!--start map--><div dataval="Jack"><input></div><div dataval="Jill"><input></div><div dataval="John"><input></div><div dataval="Jane"><input></div><!--end map--><!--start map--><div>Jack</div><div>Jill</div><div>John</div><div>Jane</div><!--end map--><!--signal--><p>2. Users ID END</p><!--end map--><h1>Data Fetching</h1><p>Loading</p><span></span><!--start map--><!--end map--><!--signal--><p>1. Users END</p>"`;

exports[`Router Tests Suite > DIRECT COMPONENT - Nested Route Level 4 2`] = `"<h1>1. Users START</h1><p>ID: directXXXtest</p><h1>Data Fetching</h1><p>Loading</p><span></span><!--start map--><!--end map--><!--signal--><!--start map--><h1>2. Users ID START</h1><p>ID: directXXXtest</p><h1>Simple String List</h1><!--start map--><div dataval="Jack"><input></div><div dataval="Jill"><input></div><div dataval="John"><input></div><div dataval="Jane"><input></div><!--end map--><!--start map--><div>Jack</div><div>Jill</div><div>John</div><div>Jane</div><!--end map--><!--signal--><!--start map--><div><h1>3. Users ID Settings START</h1><p>ID: directXXXtest</p><h1>Data Fetching</h1><p>Loading</p><span></span><!--start map--><!--end map--><!--signal--><!--start map--><h1>4. Users ID Settings Wild Card</h1><h1>Simple String List</h1><!--start map--><div dataval="Jack"><input></div><div dataval="Jill"><input></div><div dataval="John"><input></div><div dataval="Jane"><input></div><!--end map--><!--start map--><div>Jack</div><div>Jill</div><div>John</div><div>Jane</div><!--end map--><!--signal--><p>ID: directXXXtest</p><p>all/wild/card/stuff</p><button>Test</button><h1>Simple String List</h1><!--start map--><div dataval="Jack"><input></div><div dataval="Jill"><input></div><div dataval="John"><input></div><div dataval="Jane"><input></div><!--end map--><!--start map--><div>Jack</div><div>Jill</div><div>John</div><div>Jane</div><!--end map--><!--signal--><!--end map--><h1>Data Fetching</h1><p>Loading</p><span></span><!--start map--><!--end map--><!--signal--><p>3. Users ID Settings END</p></div><!--end map--><h1>Simple String List</h1><!--start map--><div dataval="Jack"><input></div><div dataval="Jill"><input></div><div dataval="John"><input></div><div dataval="Jane"><input></div><!--end map--><!--start map--><div>Jack</div><div>Jill</div><div>John</div><div>Jane</div><!--end map--><!--signal--><p>2. Users ID END</p><!--end map--><h1>Data Fetching</h1><p>Loading</p><span></span><!--start map--><!--end map--><!--signal--><p>1. Users END</p>"`;

exports[`Router Tests Suite > First Render Home Page 1`] = `
"<!--start map--><h1>Hello World TEST</h1><label for="test-input">Test Input</label><input id="test-input"><button>asdf</button><div><style>
        .test {
          transition: all 200ms;
        }
        .pink {
          background-color: pink
        }

        .sky {
          background-color: skyblue
        }
      </style><!--start map--><div><span>0. apple On</span><button>Toggle</button><button type="button">Delete</button><br></div><div><span>1. orange On</span><button>Toggle</button><button type="button">Delete</button><br></div><div><span>2. banana On</span><button>Toggle</button><button type="button">Delete</button><br></div><!--end map--><button class="test sky" ref="null">Clicked 0 times test</button><span></span></div><a style="display: block;" href="/post/asdf/something/qwer">Test No Target (Only loads new page)</a><a style="display: block;" href="/post/asdf/something/qwer" target="_self">Test Target _self (reloads page)</a><a style="display: block;" href="https://google.com" target="_blank">Google Target _blank</a><!--signal--><!--end map-->"
`;

exports[`Router Tests Suite > JSX Signals 1`] = `
<div
  id="jsx-signals-test-id"
>
  <h1>
    JSX Signals
  </h1>
  <!--start map-->
  <p>
    Test Signal Element
  </p>
  <!--end map-->
  <button>
    Change 1
  </button>
  <hr />
  <!--start map-->
  <p>
    Elm 1
  </p>
  <!--end map-->
  <button>
    Change 2
  </button>
  <hr />
  <!--start map-->
  <p>
    Elm 3
  </p>
  <!--end map-->
  <button>
    Change 3
  </button>
  <hr />
  <!--start map-->
  <p>
    Elm 5
  </p>
  <p>
    Elm 6
  </p>
  <!--end map-->
  <button>
    Change 4
  </button>
  <hr />
  <!--start map-->
  <p>
    Elm 9
  </p>
  <!--end map-->
  <button>
    Change 5
  </button>
  <hr />
  <!--start map-->
  <p>
    Elm 12
  </p>
  <p>
    Elm 13
  </p>
  <!--end map-->
  <button>
    Change 6
  </button>
</div>
`;

exports[`Router Tests Suite > Loads the /hello-world/multiple (addRoute) nested router bug test 1`] = `"<!--start map--><h1 disabled="">Hello World</h1><h1 disabled="">Hello World</h1><h1 disabled="">Hello World</h1><h1 disabled="">Hello World</h1><span><h1 disabled="">Hello World</h1></span><span><h1 disabled="">Hello World</h1><h1 disabled="">Hello World</h1><h1 disabled="">Hello World</h1></span><h1 disabled="">Hello World</h1><h1 disabled="">Hello World</h1><!--end map-->"`;

exports[`Router Tests Suite > Loads the /hello-world/multiple/again (addRouteFromConfig) nested router bug test 1`] = `"<!--start map--><h1>Simple String List</h1><!--start map--><div dataval="Jack"><input></div><div dataval="Jill"><input></div><div dataval="John"><input></div><div dataval="Jane"><input></div><!--end map--><!--start map--><div>Jack</div><div>Jill</div><div>John</div><div>Jane</div><!--end map--><!--signal--><!--end map-->"`;

exports[`Router Tests Suite > MDX Route 1`] = `
"<div id="app"><div><h1>Hello World Test asdf</h1></div>
<!--start map--><div>## apples asdf</div><div>## oranges asdf</div><div>## bananas asdf</div><!--end map-->
<button>Test</button>
<div><p>Testing Nested</p><p>Testing Nested 2</p></div>
<p>Label:</p>
<input>
<p>Para text</p>
<pre><code class="hljs language-javascript"><span class="hljs-comment">// testing highlight</span>
<span class="hljs-keyword">function</span> <span class="hljs-title function_">test</span>(<span class="hljs-params"></span>) {
  <span class="hljs-variable language_">console</span>.<span class="hljs-title function_">log</span>(<span class="hljs-string">"hello world!"</span>);
}
</code></pre><!--signal--></div>"
`;

exports[`Router Tests Suite > MDX Route Click 1`] = `
"<div id="app"><div><h1>Hello World Test asdf</h1></div>
<!--start map--><div>## apples asdf</div><div>## oranges asdf</div><div>## bananas asdf</div><!--end map-->
<button>Test</button>
<div><p>Testing Nested</p><p>Testing Nested 2</p></div>
<p>Label:</p>
<input>
<p>Para text</p>
<pre><code class="hljs language-javascript"><span class="hljs-comment">// testing highlight</span>
<span class="hljs-keyword">function</span> <span class="hljs-title function_">test</span>(<span class="hljs-params"></span>) {
  <span class="hljs-variable language_">console</span>.<span class="hljs-title function_">log</span>(<span class="hljs-string">"hello world!"</span>);
}
</code></pre><!--signal--></div>"
`;

exports[`Router Tests Suite > Nested Route Level 1 1`] = `"<h1>1. Users START</h1><p>ID: No User Selected</p><h1>Data Fetching</h1><p>Loading</p><span></span><!--start map--><!--end map--><!--signal--><!--start map--><span></span><!--end map--><h1>Data Fetching</h1><p>Loading</p><span></span><!--start map--><!--end map--><!--signal--><p>1. Users END</p>"`;

exports[`Router Tests Suite > Nested Route Level 1 2`] = `"<h1>1. Users START</h1><p>ID: No User Selected</p><h1>Data Fetching</h1><p>Loading</p><span></span><!--start map--><!--end map--><!--signal--><!--start map--><span></span><!--end map--><h1>Data Fetching</h1><p>Loading</p><span></span><!--start map--><!--end map--><!--signal--><p>1. Users END</p>"`;

exports[`Router Tests Suite > Nested Route Level 1 Again 1`] = `"<h1>1. Users START</h1><p>ID: No User Selected</p><h1>Data Fetching</h1><p>Loading</p><span></span><!--start map--><!--end map--><!--signal--><!--start map--><span></span><!--end map--><h1>Data Fetching</h1><p>Loading</p><span></span><!--start map--><!--end map--><!--signal--><p>1. Users END</p>"`;

exports[`Router Tests Suite > Nested Route Level 1 Again 2`] = `"<h1>1. Users START</h1><p>ID: No User Selected</p><h1>Data Fetching</h1><p>Loading</p><span></span><!--start map--><!--end map--><!--signal--><!--start map--><span></span><!--end map--><h1>Data Fetching</h1><p>Loading</p><span></span><!--start map--><!--end map--><!--signal--><p>1. Users END</p>"`;

exports[`Router Tests Suite > Nested Route Level 2 1`] = `"<h1>1. Users START</h1><p>ID: 123</p><h1>Data Fetching</h1><p>Loading</p><span></span><!--start map--><!--end map--><!--signal--><!--start map--><h1>2. Users ID START</h1><p>ID: 123</p><h1>Simple String List</h1><!--start map--><div dataval="Jack"><input></div><div dataval="Jill"><input></div><div dataval="John"><input></div><div dataval="Jane"><input></div><!--end map--><!--start map--><div>Jack</div><div>Jill</div><div>John</div><div>Jane</div><!--end map--><!--signal--><!--start map--><span></span><!--end map--><h1>Simple String List</h1><!--start map--><div dataval="Jack"><input></div><div dataval="Jill"><input></div><div dataval="John"><input></div><div dataval="Jane"><input></div><!--end map--><!--start map--><div>Jack</div><div>Jill</div><div>John</div><div>Jane</div><!--end map--><!--signal--><p>2. Users ID END</p><!--end map--><h1>Data Fetching</h1><p>Loading</p><span></span><!--start map--><!--end map--><!--signal--><p>1. Users END</p>"`;

exports[`Router Tests Suite > Nested Route Level 2 2`] = `"<h1>1. Users START</h1><p>ID: 953test</p><h1>Data Fetching</h1><p>Loading</p><span></span><!--start map--><!--end map--><!--signal--><!--start map--><h1>2. Users ID START</h1><p>ID: 953test</p><h1>Simple String List</h1><!--start map--><div dataval="Jack"><input></div><div dataval="Jill"><input></div><div dataval="John"><input></div><div dataval="Jane"><input></div><!--end map--><!--start map--><div>Jack</div><div>Jill</div><div>John</div><div>Jane</div><!--end map--><!--signal--><!--start map--><span></span><!--end map--><h1>Simple String List</h1><!--start map--><div dataval="Jack"><input></div><div dataval="Jill"><input></div><div dataval="John"><input></div><div dataval="Jane"><input></div><!--end map--><!--start map--><div>Jack</div><div>Jill</div><div>John</div><div>Jane</div><!--end map--><!--signal--><p>2. Users ID END</p><!--end map--><h1>Data Fetching</h1><p>Loading</p><span></span><!--start map--><!--end map--><!--signal--><p>1. Users END</p>"`;

exports[`Router Tests Suite > Nested Route Level 3 1`] = `"<h1>1. Users START</h1><p>ID: 123</p><h1>Data Fetching</h1><p>Loading</p><span></span><!--start map--><!--end map--><!--signal--><!--start map--><h1>2. Users ID START</h1><p>ID: 123</p><h1>Simple String List</h1><!--start map--><div dataval="Jack"><input></div><div dataval="Jill"><input></div><div dataval="John"><input></div><div dataval="Jane"><input></div><!--end map--><!--start map--><div>Jack</div><div>Jill</div><div>John</div><div>Jane</div><!--end map--><!--signal--><!--start map--><div><h1>3. Users ID Settings START</h1><p>ID: 123</p><h1>Data Fetching</h1><p>Loading</p><span></span><!--start map--><!--end map--><!--signal--><!--start map--><span></span><!--end map--><h1>Data Fetching</h1><p>Loading</p><span></span><!--start map--><!--end map--><!--signal--><p>3. Users ID Settings END</p></div><!--end map--><h1>Simple String List</h1><!--start map--><div dataval="Jack"><input></div><div dataval="Jill"><input></div><div dataval="John"><input></div><div dataval="Jane"><input></div><!--end map--><!--start map--><div>Jack</div><div>Jill</div><div>John</div><div>Jane</div><!--end map--><!--signal--><p>2. Users ID END</p><!--end map--><h1>Data Fetching</h1><p>Loading</p><span></span><!--start map--><!--end map--><!--signal--><p>1. Users END</p>"`;

exports[`Router Tests Suite > Nested Route Level 3 2`] = `"<h1>1. Users START</h1><p>ID: 953test</p><h1>Data Fetching</h1><p>Loading</p><span></span><!--start map--><!--end map--><!--signal--><!--start map--><h1>2. Users ID START</h1><p>ID: 953test</p><h1>Simple String List</h1><!--start map--><div dataval="Jack"><input></div><div dataval="Jill"><input></div><div dataval="John"><input></div><div dataval="Jane"><input></div><!--end map--><!--start map--><div>Jack</div><div>Jill</div><div>John</div><div>Jane</div><!--end map--><!--signal--><!--start map--><div><h1>3. Users ID Settings START</h1><p>ID: 953test</p><h1>Data Fetching</h1><p>Loading</p><span></span><!--start map--><!--end map--><!--signal--><!--start map--><span></span><!--end map--><h1>Data Fetching</h1><p>Loading</p><span></span><!--start map--><!--end map--><!--signal--><p>3. Users ID Settings END</p></div><!--end map--><h1>Simple String List</h1><!--start map--><div dataval="Jack"><input></div><div dataval="Jill"><input></div><div dataval="John"><input></div><div dataval="Jane"><input></div><!--end map--><!--start map--><div>Jack</div><div>Jill</div><div>John</div><div>Jane</div><!--end map--><!--signal--><p>2. Users ID END</p><!--end map--><h1>Data Fetching</h1><p>Loading</p><span></span><!--start map--><!--end map--><!--signal--><p>1. Users END</p>"`;

exports[`Router Tests Suite > Nested Route Level 4 1`] = `"<h1>1. Users START</h1><p>ID: 123</p><h1>Data Fetching</h1><p>Loading</p><span></span><!--start map--><!--end map--><!--signal--><!--start map--><h1>2. Users ID START</h1><p>ID: 123</p><h1>Simple String List</h1><!--start map--><div dataval="Jack"><input></div><div dataval="Jill"><input></div><div dataval="John"><input></div><div dataval="Jane"><input></div><!--end map--><!--start map--><div>Jack</div><div>Jill</div><div>John</div><div>Jane</div><!--end map--><!--signal--><!--start map--><div><h1>3. Users ID Settings START</h1><p>ID: 123</p><h1>Data Fetching</h1><p>Loading</p><span></span><!--start map--><!--end map--><!--signal--><!--start map--><h1>4. Users ID Settings Wild Card</h1><h1>Simple String List</h1><!--start map--><div dataval="Jack"><input></div><div dataval="Jill"><input></div><div dataval="John"><input></div><div dataval="Jane"><input></div><!--end map--><!--start map--><div>Jack</div><div>Jill</div><div>John</div><div>Jane</div><!--end map--><!--signal--><p>ID: 123</p><p>all/wild/card/stuff</p><button>Test</button><h1>Simple String List</h1><!--start map--><div dataval="Jack"><input></div><div dataval="Jill"><input></div><div dataval="John"><input></div><div dataval="Jane"><input></div><!--end map--><!--start map--><div>Jack</div><div>Jill</div><div>John</div><div>Jane</div><!--end map--><!--signal--><!--end map--><h1>Data Fetching</h1><p>Loading</p><span></span><!--start map--><!--end map--><!--signal--><p>3. Users ID Settings END</p></div><!--end map--><h1>Simple String List</h1><!--start map--><div dataval="Jack"><input></div><div dataval="Jill"><input></div><div dataval="John"><input></div><div dataval="Jane"><input></div><!--end map--><!--start map--><div>Jack</div><div>Jill</div><div>John</div><div>Jane</div><!--end map--><!--signal--><p>2. Users ID END</p><!--end map--><h1>Data Fetching</h1><p>Loading</p><span></span><!--start map--><!--end map--><!--signal--><p>1. Users END</p>"`;

exports[`Router Tests Suite > Nested Route Level 4 2`] = `"<h1>1. Users START</h1><p>ID: 953test</p><h1>Data Fetching</h1><p>Loading</p><span></span><!--start map--><!--end map--><!--signal--><!--start map--><h1>2. Users ID START</h1><p>ID: 953test</p><h1>Simple String List</h1><!--start map--><div dataval="Jack"><input></div><div dataval="Jill"><input></div><div dataval="John"><input></div><div dataval="Jane"><input></div><!--end map--><!--start map--><div>Jack</div><div>Jill</div><div>John</div><div>Jane</div><!--end map--><!--signal--><!--start map--><div><h1>3. Users ID Settings START</h1><p>ID: 953test</p><h1>Data Fetching</h1><p>Loading</p><span></span><!--start map--><!--end map--><!--signal--><!--start map--><h1>4. Users ID Settings Wild Card</h1><h1>Simple String List</h1><!--start map--><div dataval="Jack"><input></div><div dataval="Jill"><input></div><div dataval="John"><input></div><div dataval="Jane"><input></div><!--end map--><!--start map--><div>Jack</div><div>Jill</div><div>John</div><div>Jane</div><!--end map--><!--signal--><p>ID: 953test</p><p>all/wild/card/stuff</p><button>Test</button><h1>Simple String List</h1><!--start map--><div dataval="Jack"><input></div><div dataval="Jill"><input></div><div dataval="John"><input></div><div dataval="Jane"><input></div><!--end map--><!--start map--><div>Jack</div><div>Jill</div><div>John</div><div>Jane</div><!--end map--><!--signal--><!--end map--><h1>Data Fetching</h1><p>Loading</p><span></span><!--start map--><!--end map--><!--signal--><p>3. Users ID Settings END</p></div><!--end map--><h1>Simple String List</h1><!--start map--><div dataval="Jack"><input></div><div dataval="Jill"><input></div><div dataval="John"><input></div><div dataval="Jane"><input></div><!--end map--><!--start map--><div>Jack</div><div>Jill</div><div>John</div><div>Jane</div><!--end map--><!--signal--><p>2. Users ID END</p><!--end map--><h1>Data Fetching</h1><p>Loading</p><span></span><!--start map--><!--end map--><!--signal--><p>1. Users END</p>"`;

exports[`Router Tests Suite > Route Guard Cancels Navigation - Simple String List Route 1`] = `"<!--start map--><h1>Simple String List</h1><!--start map--><div dataval="Jack"><input></div><div dataval="Jill"><input></div><div dataval="John"><input></div><div dataval="Jane"><input></div><!--end map--><!--start map--><div>Jack</div><div>Jill</div><div>John</div><div>Jane</div><!--end map--><!--signal--><!--end map-->"`;

exports[`Router Tests Suite > Route Guard Reverts - Simple String List Route 1`] = `"<!--start map--><h1>Simple String List</h1><!--start map--><div dataval="Jack"><input></div><div dataval="Jill"><input></div><div dataval="John"><input></div><div dataval="Jane"><input></div><!--end map--><!--start map--><div>Jack</div><div>Jill</div><div>John</div><div>Jane</div><!--end map--><!--signal--><!--end map-->"`;

exports[`Router Tests Suite > Simple String List Route 1`] = `"<!--start map--><h1>Simple String List</h1><!--start map--><div dataval="Jack"><input></div><div dataval="Jill"><input></div><div dataval="John"><input></div><div dataval="Jane"><input></div><!--end map--><!--start map--><div>Jack</div><div>Jill</div><div>John</div><div>Jane</div><!--end map--><!--signal--><!--end map-->"`;
